// Jest Snapshot v1, https://goo.gl/fbAQLP

exports[`<Star Component /> should render correctly with no props 1`] = `
<h1>
  Hello I'm a Star
</h1>
`;
