// Jest Snapshot v1, https://goo.gl/fbAQLP

exports[`Overview should render correctly in "debug" mode 1`] = `
<div>
  <h1>
    Overview 
  </h1>
</div>
`;

exports[`Overview should render correctly with no props 1`] = `
<div>
  <h1>
    Overview 
  </h1>
</div>
`;
